// Jest Snapshot v1, https://goo.gl/fbAQLP

exports[`PageTemplate renders correctly 1`] = `
Array [
  <header
    className="root"
  >
    This is the header, and it has 
    <a
      href="/"
    >
      a link that will get you home
    </a>
    .
    <hr />
  </header>,
  <main>
    <div
      className="page"
    >
      <h1 />
    </div>
  </main>,
  <div
    className="grid layout_is_one_third"
  >
    <div
      className="card theme_1"
    >
      <img
        className="cl_image"
        src="/uploads/placeholder-image.jpg"
      />
      <div
        dangerouslySetInnerHTML={
          Object {
            "__html": "<p>Tempor amet voluptate labore qui Lorem laborum ullamco et.</p>",
          }
        }
      />
      <a
        className="button"
        href="#"
        rel="noopener"
        target="_blank"
      >
        Learn more
      </a>
    </div>
    <div
      className="card theme_2"
    >
      <img
        className="cl_image"
        src="/uploads/placeholder-image.jpg"
      />
      <div
        dangerouslySetInnerHTML={
          Object {
            "__html": "<p>Elit laboris excepteur dolor aliqua ex amet fugiat.</p>",
          }
        }
      />
      <a
        className="button"
        href="#"
        rel="noopener"
        target="_blank"
      >
        Learn more
      </a>
    </div>
    <div
      className="card theme_1"
    >
      <img
        className="cl_image"
        src="/uploads/placeholder-image.jpg"
      />
      <div
        dangerouslySetInnerHTML={
          Object {
            "__html": "<p>Elit cupidatat commodo pariatur non id adipisicing qui reprehenderit eu.</p>",
          }
        }
      />
      <a
        className="button"
        href="#"
        rel="noopener"
        target="_blank"
      >
        Learn more
      </a>
    </div>
  </div>,
  <footer
    className="footer"
  >
    <hr />
    And this is the footer.
  </footer>,
]
`;
