// Jest Snapshot v1, https://goo.gl/fbAQLP

exports[`Video renders correctly 1`] = `
<div
  className="video"
>
  <iframe
    allow="accelerometer; autoplay; encrypted-media; gyroscope; picture-in-picture"
    allowFullScreen={true}
    frameBorder="0"
    height="315"
    src="https://www.youtube.com/embed/cIcNqn89BoU"
    title="cIcNqn89BoU"
    width="560"
  />
</div>
`;
