// Jest Snapshot v1, https://goo.gl/fbAQLP

exports[`Link renders external link correctly 1`] = `
<a
  className="link is_external"
  href="https://ample.co"
  rel="noopener"
  target="_blank"
>
  And I'm external
</a>
`;

exports[`Link renders internal link correctly 1`] = `
<a
  className="link"
  href="/components/link"
>
  I'm an internal link
</a>
`;
